{"rc":0,"rc_str":"OK","rc_str_hr":"Success","rsp":[{"label":"TLS","url":"/lua/flows_stats.lua?application=TLS","value":42},{"label":"DNS","url":"/lua/flows_stats.lua?application=DNS","value":36},{"label":"HTTP","url":"/lua/flows_stats.lua?application=HTTP","value":34},{"label":"Google","url":"/lua/flows_stats.lua?application=Google","value":20},{"label":"ntop","url":"/lua/flows_stats.lua?application=ntop","value":20},{"label":"Other","value":27}]}
