{"rc":-1,"rc_str":"NOT_FOUND","rc_str_hr":"Not found","rsp":[]}
