{"rc":0,"rc_str":"OK","rc_str_hr":"Success","rsp":[{"appl_id":245,"cat_id":31,"name":"IEC60870"},{"appl_id":35,"cat_id":7,"name":"Gnutella"},{"appl_id":249,"cat_id":14,"name":"s7comm"},{"appl_id":221,"cat_id":13,"name":"MS_OneDrive"},{"appl_id":227,"cat_id":11,"name":"DRDA"},{"appl_id":96,"cat_id":4,"name":"TFTP"},{"appl_id":219,"cat_id":15,"name":"Microsoft365"},{"appl_id":176,"cat_id":5,"name":"Wikipedia"},{"appl_id":160,"cat_id":10,"name":"NOE"},{"appl_id":56,"cat_id":25,"name":"ShoutCast"},{"appl_id":47,"cat_id":8,"name":"Xbox"},{"appl_id":121,"cat_id":13,"name":"Dropbox"},{"appl_id":153,"cat_id":14,"name":"WSD"},{"appl_id":46,"cat_id":5,"name":"DataSaver"},{"appl_id":50,"cat_id":1,"name":"RTSP"},{"appl_id":103,"cat_id":14,"name":"DHCPV6"},{"appl_id":256,"cat_id":14,"name":"HP Virtual Machine Group Management"},{"appl_id":198,"cat_id":1,"name":"MPEG_TS"},{"appl_id":54,"cat_id":17,"name":"PPStream"},{"appl_id":233,"cat_id":6,"name":"LinkedIn"},{"appl_id":239,"cat_id":5,"name":"GoogleServices"},{"appl_id":131,"cat_id":5,"name":"HTTP_Proxy"},{"appl_id":150,"cat_id":15,"name":"LotusNotes"},{"appl_id":261,"cat_id":6,"name":"Likee"},{"appl_id":79,"cat_id":2,"name":"IPsec"},{"appl_id":23,"cat_id":3,"name":"POPS"},{"appl_id":183,"cat_id":6,"name":"Pinterest"},{"appl_id":214,"cat_id":14,"name":"Teredo"},{"appl_id":237,"cat_id":14,"name":"Diameter"},{"appl_id":65,"cat_id":9,"name":"IRC"},{"appl_id":26,"cat_id":14,"name":"ntop"},{"appl_id":90,"cat_id":6,"name":"Tumblr"},{"appl_id":74,"cat_id":8,"name":"Steam"},{"appl_id":148,"cat_id":12,"name":"TeamViewer"},{"appl_id":104,"cat_id":8,"name":"Armagetron"},{"appl_id":30,"cat_id":5,"name":"DTLS"},{"appl_id":197,"cat_id":9,"name":"WeChat"},{"appl_id":168,"cat_id":16,"name":"Corba"},{"appl_id":83,"cat_id":14,"name":"EGP"},{"appl_id":13,"cat_id":14,"name":"BGP"},{"appl_id":169,"cat_id":13,"name":"UbuntuONE"},{"appl_id":51,"cat_id":3,"name":"IMAPS"},{"appl_id":82,"cat_id":14,"name":"IGMP"},{"appl_id":2,"cat_id":3,"name":"POP3"},{"appl_id":161,"cat_id":2,"name":"CiscoVPN"},{"appl_id":193,"cat_id":9,"name":"KakaoTalk"},{"appl_id":231,"cat_id":8,"name":"Playstation"},{"appl_id":97,"cat_id":4,"name":"AFP"},{"appl_id":212,"cat_id":13,"name":"Microsoft"},{"appl_id":205,"cat_id":6,"name":"Reddit"},{"appl_id":16,"cat_id":18,"name":"SMBv1"},{"appl_id":188,"cat_id":5,"name":"QUIC"},{"appl_id":14,"cat_id":14,"name":"SNMP"},{"appl_id":201,"cat_id":10,"name":"GoogleHangoutDuo"},{"appl_id":99,"cat_id":7,"name":"Aimini"},{"appl_id":18,"cat_id":14,"name":"DHCP"},{"appl_id":244,"cat_id":31,"name":"DNP3"},{"appl_id":122,"cat_id":3,"name":"GMail"},{"appl_id":133,"cat_id":26,"name":"NetFlix"},{"appl_id":135,"cat_id":5,"name":"Waze"},{"appl_id":28,"cat_id":12,"name":"VMware"},{"appl_id":132,"cat_id":14,"name":"Citrix"},{"appl_id":224,"cat_id":19,"name":"AppleStore"},{"appl_id":137,"cat_id":17,"name":"Hulu"},{"appl_id":263,"cat_id":0,"name":"Charles"},{"appl_id":194,"cat_id":10,"name":"KakaoTalk_Voice"},{"appl_id":155,"cat_id":14,"name":"RemoteScan"},{"appl_id":255,"cat_id":10,"name":"SnapchatCall"},{"appl_id":119,"cat_id":6,"name":"Facebook"},{"appl_id":108,"cat_id":8,"name":"Florensia"},{"appl_id":7,"cat_id":5,"name":"HTTP"},{"appl_id":100,"cat_id":10,"name":"SIP"},{"appl_id":146,"cat_id":14,"name":"Radius"},{"appl_id":259,"cat_id":2,"name":"FortiClient"},{"appl_id":200,"cat_id":6,"name":"Sina(Weibo)"},{"appl_id":145,"cat_id":17,"name":"AppleiTunes"},{"appl_id":31,"cat_id":14,"name":"UBNTAC2"},{"appl_id":134,"cat_id":25,"name":"LastFM"},{"appl_id":115,"cat_id":2,"name":"PPTP"},{"appl_id":257,"cat_id":8,"name":"GenshinImpact"},{"appl_id":120,"cat_id":6,"name":"Twitter"},{"appl_id":117,"cat_id":8,"name":"WorldOfKungFu"},{"appl_id":63,"cat_id":7,"name":"Soulseek"},{"appl_id":78,"cat_id":14,"name":"STUN"},{"appl_id":62,"cat_id":7,"name":"Thunder"},{"appl_id":59,"cat_id":26,"name":"TVUplayer"},{"appl_id":53,"cat_id":14,"name":"CPHA"},{"appl_id":69,"cat_id":8,"name":"AmongUs"},{"appl_id":226,"cat_id":15,"name":"Git"},{"appl_id":171,"cat_id":18,"name":"Collectd"},{"appl_id":177,"cat_id":16,"name":"ZeroMQ"},{"appl_id":138,"cat_id":4,"name":"CHECKMK"},{"appl_id":110,"cat_id":32,"name":"AmazonAlexa"},{"appl_id":77,"cat_id":12,"name":"Telnet"},{"appl_id":5,"cat_id":14,"name":"DNS"},{"appl_id":144,"cat_id":10,"name":"Viber"},{"appl_id":229,"cat_id":16,"name":"SOMEIP"},{"appl_id":127,"cat_id":16,"name":"DCE_RPC"},{"appl_id":72,"cat_id":6,"name":"GooglePlus"},{"appl_id":93,"cat_id":5,"name":"Usenet"},{"appl_id":15,"cat_id":12,"name":"XDMCP"},{"appl_id":42,"cat_id":99,"name":"Mining"},{"appl_id":76,"cat_id":8,"name":"WorldOfWarcraft"},{"appl_id":126,"cat_id":5,"name":"Google"},{"appl_id":139,"cat_id":5,"name":"AJP"},{"appl_id":187,"cat_id":17,"name":"Pandora"},{"appl_id":252,"cat_id":12,"name":"AnyDesk"},{"appl_id":24,"cat_id":7,"name":"AppleJuice"},{"appl_id":217,"cat_id":13,"name":"GoogleDrive"},{"appl_id":254,"cat_id":32,"name":"AppleSiri"},{"appl_id":196,"cat_id":14,"name":"DoH_DoT"},{"appl_id":165,"cat_id":10,"name":"RTCP"},{"appl_id":167,"cat_id":11,"name":"Oracle"},{"appl_id":223,"cat_id":16,"name":"RX"},{"appl_id":60,"cat_id":11,"name":"MongoDB"},{"appl_id":179,"cat_id":27,"name":"eBay"},{"appl_id":195,"cat_id":26,"name":"Twitch"},{"appl_id":242,"cat_id":7,"name":"WhatsAppFiles"},{"appl_id":216,"cat_id":10,"name":"IMO"},{"appl_id":154,"cat_id":14,"name":"LLMNR"},{"appl_id":238,"cat_id":13,"name":"ApplePush"},{"appl_id":3,"cat_id":3,"name":"SMTP"},{"appl_id":61,"cat_id":26,"name":"QQLive"},{"appl_id":170,"cat_id":14,"name":"Whois-DAS"},{"appl_id":222,"cat_id":16,"name":"MQTT"},{"appl_id":262,"cat_id":15,"name":"GitLab"},{"appl_id":258,"cat_id":8,"name":"Activision"},{"appl_id":91,"cat_id":5,"name":"TLS"},{"appl_id":101,"cat_id":10,"name":"TruPhone"},{"appl_id":156,"cat_id":25,"name":"Spotify"},{"appl_id":66,"cat_id":14,"name":"Ayiya"},{"appl_id":19,"cat_id":11,"name":"PostgreSQL"},{"appl_id":246,"cat_id":14,"name":"Bloomberg"},{"appl_id":253,"cat_id":16,"name":"SOAP"},{"appl_id":39,"cat_id":9,"name":"Signal"},{"appl_id":52,"cat_id":1,"name":"IceCast"},{"appl_id":17,"cat_id":18,"name":"Syslog"},{"appl_id":55,"cat_id":26,"name":"Zattoo"},{"appl_id":147,"cat_id":19,"name":"WindowsUpdate"},{"appl_id":27,"cat_id":16,"name":"COAP"},{"appl_id":209,"cat_id":2,"name":"TINC"},{"appl_id":22,"cat_id":7,"name":"Direct_Download_Link"},{"appl_id":109,"cat_id":8,"name":"Guildwars"},{"appl_id":162,"cat_id":10,"name":"TeamSpeak"},{"appl_id":218,"cat_id":1,"name":"OCS"},{"appl_id":235,"cat_id":8,"name":"CSGO"},{"appl_id":178,"cat_id":5,"name":"Amazon"},{"appl_id":243,"cat_id":14,"name":"TargusDataspeed"},{"appl_id":111,"cat_id":14,"name":"Kerberos"},{"appl_id":189,"cat_id":26,"name":"Zoom"},{"appl_id":49,"cat_id":6,"name":"TikTok"},{"appl_id":157,"cat_id":10,"name":"Messenger"},{"appl_id":140,"cat_id":5,"name":"Apple"},{"appl_id":84,"cat_id":14,"name":"SCTP"},{"appl_id":213,"cat_id":8,"name":"Starcraft"},{"appl_id":180,"cat_id":5,"name":"CNN"},{"appl_id":191,"cat_id":14,"name":"Ookla"},{"appl_id":32,"cat_id":1,"name":"Kontiki"},{"appl_id":1,"cat_id":7,"name":"FTP_CONTROL"},{"appl_id":12,"cat_id":18,"name":"SSDP"},{"appl_id":247,"cat_id":14,"name":"CAPWAP"},{"appl_id":4,"cat_id":3,"name":"IMAP"},{"appl_id":98,"cat_id":7,"name":"Stealthnet"},{"appl_id":172,"cat_id":5,"name":"SOCKS"},{"appl_id":158,"cat_id":10,"name":"H323"},{"appl_id":190,"cat_id":14,"name":"EAQ"},{"appl_id":118,"cat_id":15,"name":"Slack"},{"appl_id":204,"cat_id":18,"name":"BJNP"},{"appl_id":112,"cat_id":18,"name":"LDAP"},{"appl_id":43,"cat_id":13,"name":"NestLogSink"},{"appl_id":113,"cat_id":8,"name":"MapleStory"},{"appl_id":95,"cat_id":10,"name":"IAX"},{"appl_id":0,"cat_id":0,"name":"Unknown"},{"appl_id":234,"cat_id":25,"name":"SoundCloud"},{"appl_id":37,"cat_id":7,"name":"BitTorrent"},{"appl_id":211,"cat_id":6,"name":"Instagram"},{"appl_id":241,"cat_id":15,"name":"GoogleDocs"},{"appl_id":8,"cat_id":14,"name":"MDNS"},{"appl_id":70,"cat_id":5,"name":"Yahoo"},{"appl_id":124,"cat_id":1,"name":"YouTube"},{"appl_id":151,"cat_id":14,"name":"SAP"},{"appl_id":33,"cat_id":7,"name":"OpenFT"},{"appl_id":6,"cat_id":18,"name":"IPP"},{"appl_id":164,"cat_id":10,"name":"CiscoSkinny"},{"appl_id":228,"cat_id":19,"name":"PlayStore"},{"appl_id":186,"cat_id":25,"name":"Vevo"},{"appl_id":34,"cat_id":7,"name":"FastTrack"},{"appl_id":265,"cat_id":0,"name":"Lando"},{"appl_id":264,"cat_id":0,"name":"Sebastian"},{"appl_id":260,"cat_id":14,"name":"Z39.50"},{"appl_id":203,"cat_id":15,"name":"Github"},{"appl_id":251,"cat_id":5,"name":"WebSocket"},{"appl_id":240,"cat_id":13,"name":"AmazonVideo"},{"appl_id":210,"cat_id":25,"name":"Deezer"},{"appl_id":250,"cat_id":15,"name":"Teams"},{"appl_id":10,"cat_id":18,"name":"NetBIOS"},{"appl_id":128,"cat_id":14,"name":"NetFlow"},{"appl_id":202,"cat_id":26,"name":"IFLIX"},{"appl_id":125,"cat_id":10,"name":"Skype_Teams"},{"appl_id":73,"cat_id":14,"name":"VRRP"},{"appl_id":85,"cat_id":14,"name":"OSPF"},{"appl_id":58,"cat_id":15,"name":"Discord"},{"appl_id":88,"cat_id":12,"name":"RDP"},{"appl_id":129,"cat_id":14,"name":"sFlow"},{"appl_id":94,"cat_id":10,"name":"MGCP"},{"appl_id":248,"cat_id":14,"name":"Zabbix"},{"appl_id":116,"cat_id":8,"name":"Warcraft3"},{"appl_id":181,"cat_id":10,"name":"Megaco"},{"appl_id":175,"cat_id":7,"name":"FTP_DATA"},{"appl_id":71,"cat_id":17,"name":"DisneyPlus"},{"appl_id":143,"cat_id":5,"name":"AppleiCloud"},{"appl_id":152,"cat_id":14,"name":"GTP"},{"appl_id":80,"cat_id":14,"name":"GRE"},{"appl_id":141,"cat_id":10,"name":"Webex"},{"appl_id":199,"cat_id":6,"name":"Snapchat"},{"appl_id":232,"cat_id":7,"name":"Pastebin"},{"appl_id":106,"cat_id":8,"name":"Dofus"},{"appl_id":107,"cat_id":8,"name":"Fiesta"},{"appl_id":9,"cat_id":18,"name":"NTP"},{"appl_id":230,"cat_id":16,"name":"FIX"},{"appl_id":44,"cat_id":31,"name":"Modbus"},{"appl_id":57,"cat_id":26,"name":"Sopcast"},{"appl_id":87,"cat_id":1,"name":"RTP"},{"appl_id":64,"cat_id":26,"name":"PS_VUE"},{"appl_id":225,"cat_id":5,"name":"OpenDNS"},{"appl_id":89,"cat_id":12,"name":"VNC"},{"appl_id":75,"cat_id":8,"name":"HalfLife2"},{"appl_id":220,"cat_id":5,"name":"Cloudflare"},{"appl_id":215,"cat_id":2,"name":"HotspotShield"},{"appl_id":136,"cat_id":1,"name":"YouTubeUpload"},{"appl_id":123,"cat_id":5,"name":"GoogleMaps"},{"appl_id":206,"cat_id":2,"name":"WireGuard"},{"appl_id":68,"cat_id":16,"name":"Nats"},{"appl_id":208,"cat_id":14,"name":"DNScrypt"},{"appl_id":21,"cat_id":3,"name":"Hotmail"},{"appl_id":207,"cat_id":7,"name":"SMPP"},{"appl_id":105,"cat_id":16,"name":"Crossfire"},{"appl_id":40,"cat_id":14,"name":"Memcached"},{"appl_id":192,"cat_id":16,"name":"AMQP"},{"appl_id":20,"cat_id":11,"name":"MySQL"},{"appl_id":81,"cat_id":14,"name":"ICMP"},{"appl_id":149,"cat_id":10,"name":"Tuenti"},{"appl_id":102,"cat_id":14,"name":"ICMPV6"},{"appl_id":29,"cat_id":3,"name":"SMTPS"},{"appl_id":25,"cat_id":7,"name":"DirectConnect"},{"appl_id":174,"cat_id":1,"name":"RTMP"},{"appl_id":173,"cat_id":8,"name":"Nintendo"},{"appl_id":114,"cat_id":11,"name":"MsSQL-TDS"},{"appl_id":166,"cat_id":4,"name":"RSYNC"},{"appl_id":163,"cat_id":2,"name":"Tor"},{"appl_id":92,"cat_id":12,"name":"SSH"},{"appl_id":36,"cat_id":7,"name":"eDonkey"},{"appl_id":38,"cat_id":10,"name":"SkypeCall"},{"appl_id":11,"cat_id":4,"name":"NFS"},{"appl_id":41,"cat_id":18,"name":"SMBv23"},{"appl_id":48,"cat_id":9,"name":"QQ"},{"appl_id":159,"cat_id":2,"name":"OpenVPN"},{"appl_id":142,"cat_id":9,"name":"WhatsApp"},{"appl_id":184,"cat_id":10,"name":"VHUA"},{"appl_id":45,"cat_id":10,"name":"WhatsAppCall"},{"appl_id":236,"cat_id":13,"name":"LISP"},{"appl_id":67,"cat_id":5,"name":"Jabber"},{"appl_id":130,"cat_id":5,"name":"HTTP_Connect"},{"appl_id":182,"cat_id":11,"name":"Redis"},{"appl_id":86,"cat_id":14,"name":"IP_in_IP"},{"appl_id":185,"cat_id":9,"name":"Telegram"}]}
