{"rc":0,"rc_str":"OK","rc_str_hr":"Success","rsp":[{"duration":0,"label":"Safe","value":3171556},{"duration":0,"label":"Fun","value":232071},{"duration":0,"label":"Acceptable","value":184667},{"label":"Other","value":38283}]}
