{"rc":0,"rc_str":"OK","rc_str_hr":"Success","rsp":{"currentPage":1,"data":[{"bytes":{"recvd":34148,"sent":2322624,"total":2356772},"country":"US","first_seen":1589741868,"ip":"8.241.92.250","is_blacklisted":false,"is_broadcast":false,"is_broadcast_domain":false,"is_localhost":false,"is_multicast":false,"key":"8__241__92__250","last_seen":1626074236,"name":"media.gedidigital.it","num_alerts":0,"num_flows":{"as_client":0,"as_server":1,"total":1},"os":0,"thpt":{"bps":0,"pps":0},"vlan":0},{"bytes":{"recvd":23013,"sent":18932,"total":41945},"country":"IT","first_seen":1589741865,"ip":"2.23.155.233","is_blacklisted":false,"is_broadcast":false,"is_broadcast_domain":false,"is_localhost":false,"is_multicast":false,"key":"2__23__155__233","last_seen":1626074236,"name":"ocsp.int-x3.letsencrypt.org [ocsp.int-x3.letsencrypt.â€¦]","num_alerts":0,"num_flows":{"as_client":0,"as_server":34,"total":34},"os":0,"thpt":{"bps":0,"pps":0},"vlan":0},{"bytes":{"recvd":21862,"sent":117008,"total":138870},"country":"CH","first_seen":1589741865,"ip":"13.224.102.94","is_blacklisted":false,"is_broadcast":false,"is_broadcast_domain":false,"is_localhost":false,"is_multicast":false,"key":"13__224__102__94","last_seen":1626074236,"name":"www.repstatic.it","num_alerts":0,"num_flows":{"as_client":0,"as_server":2,"total":2},"os":0,"thpt":{"bps":0,"pps":0},"vlan":0},{"bytes":{"recvd":903,"sent":4208,"total":5111},"country":"CH","first_seen":1589741865,"ip":"13.224.102.8","is_blacklisted":false,"is_broadcast":false,"is_broadcast_domain":false,"is_localhost":false,"is_multicast":false,"key":"13__224__102__8","last_seen":1589741866,"name":"tvzap.kataweb.it","num_alerts":0,"num_flows":{"as_client":0,"as_server":1,"total":1},"os":0,"thpt":{"bps":0,"pps":0},"vlan":0},{"bytes":{"recvd":904,"sent":4233,"total":5137},"country":"CH","first_seen":1589741866,"ip":"13.224.102.59","is_blacklisted":false,"is_broadcast":false,"is_broadcast_domain":false,"is_localhost":false,"is_multicast":false,"key":"13__224__102__59","last_seen":1589741868,"name":"www.gelestatic.it","num_alerts":0,"num_flows":{"as_client":0,"as_server":1,"total":1},"os":0,"thpt":{"bps":0,"pps":0},"vlan":0},{"bytes":{"recvd":1038,"sent":4778,"total":5816},"country":"CH","first_seen":1589741865,"ip":"13.224.102.58","is_blacklisted":false,"is_broadcast":false,"is_broadcast_domain":false,"is_localhost":false,"is_multicast":false,"key":"13__224__102__58","last_seen":1589741866,"name":"oasjs.repubblica.it","num_alerts":0,"num_flows":{"as_client":0,"as_server":2,"total":2},"os":0,"thpt":{"bps":0,"pps":0},"vlan":0},{"bytes":{"recvd":903,"sent":4229,"total":5132},"country":"CH","first_seen":1589741865,"ip":"13.224.102.22","is_blacklisted":false,"is_broadcast":false,"is_broadcast_domain":false,"is_localhost":false,"is_multicast":false,"key":"13__224__102__22","last_seen":1589741866,"name":"www.repstatic.it","num_alerts":0,"num_flows":{"as_client":0,"as_server":1,"total":1},"os":0,"thpt":{"bps":0,"pps":0},"vlan":0},{"bytes":{"recvd":902,"sent":4213,"total":5115},"country":"CH","first_seen":1589741865,"ip":"13.224.102.116","is_blacklisted":false,"is_broadcast":false,"is_broadcast_domain":false,"is_localhost":false,"is_multicast":false,"key":"13__224__102__116","last_seen":1589741866,"name":"data.kataweb.it","num_alerts":0,"num_flows":{"as_client":0,"as_server":1,"total":1},"os":0,"thpt":{"bps":0,"pps":0},"vlan":0},{"bytes":{"recvd":2607,"sent":5907,"total":8514},"country":"CH","first_seen":1589741866,"ip":"13.224.102.115","is_blacklisted":false,"is_broadcast":false,"is_broadcast_domain":false,"is_localhost":false,"is_multicast":false,"key":"13__224__102__115","last_seen":1589741867,"name":"oasjs.repubblica.it","num_alerts":0,"num_flows":{"as_client":0,"as_server":1,"total":1},"os":0,"thpt":{"bps":0,"pps":0},"vlan":0},{"bytes":{"recvd":132,"sent":74,"total":206},"country":"CH","first_seen":1589741865,"ip":"13.224.102.10","is_blacklisted":false,"is_broadcast":false,"is_broadcast_domain":false,"is_localhost":false,"is_multicast":false,"key":"13__224__102__10","last_seen":1589741866,"name":"13.224.102.10","num_alerts":0,"num_flows":{"as_client":0,"as_server":1,"total":1},"os":0,"thpt":{"bps":0,"pps":0},"vlan":0}],"perPage":10,"sort":[[]]}}
