{"rc":0,"rc_str":"OK","rc_str_hr":"Success","rsp":[{"ifid":0,"ifname":"test_01.pcap"}]}
