{"rc":0,"rc_str":"OK","rc_str_hr":"Success","rsp":[{"duration":10,"label":"TLS","value":3118434},{"duration":5,"label":"Facebook","value":232071},{"duration":5,"label":"GoogleServices","value":126408},{"label":"Other","value":149664}]}
