{"rc":0,"rc_str":"OK","rc_str_hr":"Success","rsp":[{"app_list":[{"id":"122","name":"GMail"},{"id":"21","name":"Hotmail"},{"id":"4","name":"IMAP"},{"id":"51","name":"IMAPS"},{"id":"2","name":"POP3"},{"id":"23","name":"POPS"},{"id":"3","name":"SMTP"},{"id":"29","name":"SMTPS"}],"cat_id":3,"name":"Email"},{"app_list":[],"cat_id":103,"name":"Site_Unavailable"},{"app_list":[],"cat_id":100,"name":"Malware"},{"app_list":[{"id":"210","name":"Deezer"},{"id":"134","name":"LastFM"},{"id":"56","name":"ShoutCast"},{"id":"234","name":"SoundCloud"},{"id":"156","name":"Spotify"},{"id":"186","name":"Vevo"}],"cat_id":25,"name":"Music"},{"app_list":[{"id":"66","name":"Ayiya"},{"id":"13","name":"BGP"},{"id":"246","name":"Bloomberg"},{"id":"247","name":"CAPWAP"},{"id":"132","name":"Citrix"},{"id":"53","name":"CPHA"},{"id":"18","name":"DHCP"},{"id":"103","name":"DHCPV6"},{"id":"237","name":"Diameter"},{"id":"5","name":"DNS"},{"id":"208","name":"DNScrypt"},{"id":"196","name":"DoH_DoT"},{"id":"190","name":"EAQ"},{"id":"83","name":"EGP"},{"id":"80","name":"GRE"},{"id":"152","name":"GTP"},{"id":"256","name":"HP Virtual Machine Group Management"},{"id":"81","name":"ICMP"},{"id":"102","name":"ICMPV6"},{"id":"82","name":"IGMP"},{"id":"86","name":"IP_in_IP"},{"id":"111","name":"Kerberos"},{"id":"154","name":"LLMNR"},{"id":"8","name":"MDNS"},{"id":"40","name":"Memcached"},{"id":"128","name":"NetFlow"},{"id":"26","name":"ntop"},{"id":"191","name":"Ookla"},{"id":"85","name":"OSPF"},{"id":"146","name":"Radius"},{"id":"155","name":"RemoteScan"},{"id":"249","name":"s7comm"},{"id":"151","name":"SAP"},{"id":"84","name":"SCTP"},{"id":"129","name":"sFlow"},{"id":"14","name":"SNMP"},{"id":"78","name":"STUN"},{"id":"243","name":"TargusDataspeed"},{"id":"214","name":"Teredo"},{"id":"31","name":"UBNTAC2"},{"id":"73","name":"VRRP"},{"id":"170","name":"Whois-DAS"},{"id":"153","name":"WSD"},{"id":"260","name":"Z39.50"},{"id":"248","name":"Zabbix"}],"cat_id":14,"name":"Network"},{"app_list":[{"id":"244","name":"DNP3"},{"id":"245","name":"IEC60870"},{"id":"44","name":"Modbus"}],"cat_id":31,"name":"IoT-Scada"},{"app_list":[{"id":"164","name":"CiscoSkinny"},{"id":"201","name":"GoogleHangoutDuo"},{"id":"158","name":"H323"},{"id":"95","name":"IAX"},{"id":"216","name":"IMO"},{"id":"194","name":"KakaoTalk_Voice"},{"id":"181","name":"Megaco"},{"id":"157","name":"Messenger"},{"id":"94","name":"MGCP"},{"id":"160","name":"NOE"},{"id":"165","name":"RTCP"},{"id":"100","name":"SIP"},{"id":"125","name":"Skype_Teams"},{"id":"38","name":"SkypeCall"},{"id":"255","name":"SnapchatCall"},{"id":"162","name":"TeamSpeak"},{"id":"101","name":"TruPhone"},{"id":"149","name":"Tuenti"},{"id":"184","name":"VHUA"},{"id":"144","name":"Viber"},{"id":"141","name":"Webex"},{"id":"45","name":"WhatsAppCall"}],"cat_id":10,"name":"VoIP"},{"app_list":[{"id":"58","name":"Discord"},{"id":"226","name":"Git"},{"id":"203","name":"Github"},{"id":"262","name":"GitLab"},{"id":"241","name":"GoogleDocs"},{"id":"150","name":"LotusNotes"},{"id":"219","name":"Microsoft365"},{"id":"118","name":"Slack"},{"id":"250","name":"Teams"}],"cat_id":15,"name":"Collaborative"},{"app_list":[],"cat_id":28,"name":"Productivity"},{"app_list":[{"id":"119","name":"Facebook"},{"id":"72","name":"GooglePlus"},{"id":"211","name":"Instagram"},{"id":"261","name":"Likee"},{"id":"233","name":"LinkedIn"},{"id":"183","name":"Pinterest"},{"id":"205","name":"Reddit"},{"id":"200","name":"Sina(Weibo)"},{"id":"199","name":"Snapchat"},{"id":"49","name":"TikTok"},{"id":"90","name":"Tumblr"},{"id":"120","name":"Twitter"}],"cat_id":6,"name":"SocialNetwork"},{"app_list":[{"id":"252","name":"AnyDesk"},{"id":"88","name":"RDP"},{"id":"92","name":"SSH"},{"id":"148","name":"TeamViewer"},{"id":"77","name":"Telnet"},{"id":"28","name":"VMware"},{"id":"89","name":"VNC"},{"id":"15","name":"XDMCP"}],"cat_id":12,"name":"RemoteAccess"},{"app_list":[{"id":"258","name":"Activision"},{"id":"69","name":"AmongUs"},{"id":"104","name":"Armagetron"},{"id":"235","name":"CSGO"},{"id":"106","name":"Dofus"},{"id":"107","name":"Fiesta"},{"id":"108","name":"Florensia"},{"id":"257","name":"GenshinImpact"},{"id":"109","name":"Guildwars"},{"id":"75","name":"HalfLife2"},{"id":"113","name":"MapleStory"},{"id":"173","name":"Nintendo"},{"id":"231","name":"Playstation"},{"id":"213","name":"Starcraft"},{"id":"74","name":"Steam"},{"id":"116","name":"Warcraft3"},{"id":"117","name":"WorldOfKungFu"},{"id":"76","name":"WorldOfWarcraft"},{"id":"47","name":"Xbox"}],"cat_id":8,"name":"Game"},{"app_list":[],"cat_id":101,"name":"Advertisement"},{"app_list":[{"id":"52","name":"IceCast"},{"id":"32","name":"Kontiki"},{"id":"198","name":"MPEG_TS"},{"id":"218","name":"OCS"},{"id":"174","name":"RTMP"},{"id":"87","name":"RTP"},{"id":"50","name":"RTSP"},{"id":"124","name":"YouTube"},{"id":"136","name":"YouTubeUpload"}],"cat_id":1,"name":"Media"},{"app_list":[{"id":"224","name":"AppleStore"},{"id":"228","name":"PlayStore"},{"id":"147","name":"WindowsUpdate"}],"cat_id":19,"name":"SoftwareUpdate"},{"app_list":[],"cat_id":21,"name":"User custom category 2"},{"app_list":[{"id":"110","name":"AmazonAlexa"},{"id":"254","name":"AppleSiri"}],"cat_id":32,"name":"VirtualAssistant"},{"app_list":[],"cat_id":105,"name":"Antimalware"},{"app_list":[{"id":"240","name":"AmazonVideo"},{"id":"238","name":"ApplePush"},{"id":"121","name":"Dropbox"},{"id":"217","name":"GoogleDrive"},{"id":"236","name":"LISP"},{"id":"212","name":"Microsoft"},{"id":"221","name":"MS_OneDrive"},{"id":"43","name":"NestLogSink"},{"id":"169","name":"UbuntuONE"}],"cat_id":13,"name":"Cloud"},{"app_list":[],"cat_id":20,"name":"User custom category 1"},{"app_list":[{"id":"192","name":"AMQP"},{"id":"27","name":"COAP"},{"id":"168","name":"Corba"},{"id":"105","name":"Crossfire"},{"id":"127","name":"DCE_RPC"},{"id":"230","name":"FIX"},{"id":"222","name":"MQTT"},{"id":"68","name":"Nats"},{"id":"223","name":"RX"},{"id":"253","name":"SOAP"},{"id":"229","name":"SOMEIP"},{"id":"177","name":"ZeroMQ"}],"cat_id":16,"name":"RPC"},{"app_list":[],"cat_id":102,"name":"Banned_Site"},{"app_list":[{"id":"263","name":"Charles"},{"id":"265","name":"Lando"},{"id":"264","name":"Sebastian"},{"id":"0","name":"Unknown"}],"cat_id":0,"name":"Unspecified"},{"app_list":[],"cat_id":104,"name":"Allowed_Site"},{"app_list":[{"id":"42","name":"Mining"}],"cat_id":99,"name":"Mining"},{"app_list":[{"id":"65","name":"IRC"},{"id":"193","name":"KakaoTalk"},{"id":"48","name":"QQ"},{"id":"39","name":"Signal"},{"id":"185","name":"Telegram"},{"id":"197","name":"WeChat"},{"id":"142","name":"WhatsApp"}],"cat_id":9,"name":"Chat"},{"app_list":[],"cat_id":22,"name":"User custom category 3"},{"app_list":[{"id":"204","name":"BJNP"},{"id":"171","name":"Collectd"},{"id":"6","name":"IPP"},{"id":"112","name":"LDAP"},{"id":"10","name":"NetBIOS"},{"id":"9","name":"NTP"},{"id":"16","name":"SMBv1"},{"id":"41","name":"SMBv23"},{"id":"12","name":"SSDP"},{"id":"17","name":"Syslog"}],"cat_id":18,"name":"System"},{"app_list":[{"id":"99","name":"Aimini"},{"id":"24","name":"AppleJuice"},{"id":"37","name":"BitTorrent"},{"id":"22","name":"Direct_Download_Link"},{"id":"25","name":"DirectConnect"},{"id":"36","name":"eDonkey"},{"id":"34","name":"FastTrack"},{"id":"1","name":"FTP_CONTROL"},{"id":"175","name":"FTP_DATA"},{"id":"35","name":"Gnutella"},{"id":"33","name":"OpenFT"},{"id":"232","name":"Pastebin"},{"id":"207","name":"SMPP"},{"id":"63","name":"Soulseek"},{"id":"98","name":"Stealthnet"},{"id":"62","name":"Thunder"},{"id":"242","name":"WhatsAppFiles"}],"cat_id":7,"name":"Download-FileTransfer-FileSharing"},{"app_list":[{"id":"145","name":"AppleiTunes"},{"id":"71","name":"DisneyPlus"},{"id":"137","name":"Hulu"},{"id":"187","name":"Pandora"},{"id":"54","name":"PPStream"}],"cat_id":17,"name":"Streaming"},{"app_list":[],"cat_id":24,"name":"User custom category 5"},{"app_list":[],"cat_id":30,"name":"ConnectivityCheck"},{"app_list":[],"cat_id":29,"name":"FileSharing"},{"app_list":[],"cat_id":23,"name":"User custom category 4"},{"app_list":[{"id":"179","name":"eBay"}],"cat_id":27,"name":"Shopping"},{"app_list":[{"id":"202","name":"IFLIX"},{"id":"133","name":"NetFlix"},{"id":"64","name":"PS_VUE"},{"id":"61","name":"QQLive"},{"id":"57","name":"Sopcast"},{"id":"59","name":"TVUplayer"},{"id":"195","name":"Twitch"},{"id":"55","name":"Zattoo"},{"id":"189","name":"Zoom"}],"cat_id":26,"name":"Video"},{"app_list":[{"id":"161","name":"CiscoVPN"},{"id":"259","name":"FortiClient"},{"id":"215","name":"HotspotShield"},{"id":"79","name":"IPsec"},{"id":"159","name":"OpenVPN"},{"id":"115","name":"PPTP"},{"id":"209","name":"TINC"},{"id":"163","name":"Tor"},{"id":"206","name":"WireGuard"}],"cat_id":2,"name":"VPN"},{"app_list":[{"id":"97","name":"AFP"},{"id":"138","name":"CHECKMK"},{"id":"11","name":"NFS"},{"id":"166","name":"RSYNC"},{"id":"96","name":"TFTP"}],"cat_id":4,"name":"DataTransfer"},{"app_list":[{"id":"227","name":"DRDA"},{"id":"60","name":"MongoDB"},{"id":"114","name":"MsSQL-TDS"},{"id":"20","name":"MySQL"},{"id":"167","name":"Oracle"},{"id":"19","name":"PostgreSQL"},{"id":"182","name":"Redis"}],"cat_id":11,"name":"Database"},{"app_list":[{"id":"139","name":"AJP"},{"id":"178","name":"Amazon"},{"id":"140","name":"Apple"},{"id":"143","name":"AppleiCloud"},{"id":"220","name":"Cloudflare"},{"id":"180","name":"CNN"},{"id":"46","name":"DataSaver"},{"id":"30","name":"DTLS"},{"id":"126","name":"Google"},{"id":"123","name":"GoogleMaps"},{"id":"239","name":"GoogleServices"},{"id":"7","name":"HTTP"},{"id":"130","name":"HTTP_Connect"},{"id":"131","name":"HTTP_Proxy"},{"id":"67","name":"Jabber"},{"id":"225","name":"OpenDNS"},{"id":"188","name":"QUIC"},{"id":"172","name":"SOCKS"},{"id":"91","name":"TLS"},{"id":"93","name":"Usenet"},{"id":"135","name":"Waze"},{"id":"251","name":"WebSocket"},{"id":"176","name":"Wikipedia"},{"id":"70","name":"Yahoo"}],"cat_id":5,"name":"Web"}]}
