{"rc":0,"rc_str":"OK","rc_str_hr":"Success","rsp":[{"count":1,"name":"Amazon"},{"count":1,"name":"Cloudflare"},{"count":36,"name":"DNS"},{"count":11,"name":"Facebook"},{"count":20,"name":"Google"},{"count":10,"name":"GoogleServices"},{"count":34,"name":"HTTP"},{"count":1,"name":"MDNS"},{"count":42,"name":"TLS"},{"count":2,"name":"Telegram"},{"count":1,"name":"Unknown"},{"count":20,"name":"ntop"}]}
