{"rc":0,"rc_str":"OK","rc_str_hr":"Success","rsp":{"ip":"192.168.1.93","rdb":3413100}}
