{"rc":0,"rc_str":"OK","rc_str_hr":"Success","rsp":[{"label":"Safe","value":3158850},{"label":"Fun","value":230327},{"label":"Acceptable","value":173769},{"label":"Other","value":61811}]}
