{"rc":0,"rc_str":"OK","rc_str_hr":"Success","rsp":{"1":{"id":"1","members":[],"name":"Jailed hosts pool"}}}
