{"rc":0,"rc_str":"OK","rc_str_hr":"Success","rsp":{"admin":{"allowed_ifname":"","allowed_nets":"0.0.0.0/0,::/0","full_name":"ntopng Administrator","group":"administrator","language":"","password":"21232f297a57a5a743894a0e4a801fc3"}}}
