{"rc":0,"rc_str":"OK","rc_str_hr":"Success","rsp":{"currentPage":1,"data":[{"breakdown":{"cli2srv":1,"srv2cli":99},"bytes":2356772,"client":{"ip":"192.168.1.93","is_blacklisted":false,"is_broadcast_domain":false,"is_dhcp":false,"name":"Luca’s iMac","port":61683},"duration":1,"first_seen":1589741868,"hash_id":"164","key":"3382381902","last_seen":1589741869,"protocol":{"l4":"TCP","l7":"TLS"},"score":"0","server":{"ip":"8.241.92.250","is_blacklisted":false,"is_broadcast":false,"is_dhcp":false,"name":"media.gedidigital.it","port":443},"thpt":{"bps":0.42419156432152,"pps":4.2121391743422e-05},"vlan":0},{"breakdown":{"cli2srv":4,"srv2cli":96},"bytes":188958,"client":{"ip":"192.168.1.93","is_blacklisted":false,"is_broadcast_domain":false,"is_dhcp":false,"name":"Luca’s iMac","port":61567},"duration":0,"first_seen":1589741865,"hash_id":"23","key":"3753284184","last_seen":1589741865,"protocol":{"l4":"TCP","l7":"TLS.Facebook"},"score":"0","server":{"ip":"31.13.86.4","is_blacklisted":false,"is_broadcast":false,"is_dhcp":false,"name":"connect.facebook.net","port":443},"thpt":{"bps":0,"pps":0},"vlan":0},{"breakdown":{"cli2srv":5,"srv2cli":95},"bytes":143173,"client":{"ip":"192.168.1.93","is_blacklisted":false,"is_broadcast_domain":false,"is_dhcp":false,"name":"Luca’s iMac","port":61564},"duration":2,"first_seen":1589741865,"hash_id":"19","key":"3465125838","last_seen":1589741867,"protocol":{"l4":"TCP","l7":"TLS"},"score":"0","server":{"ip":"13.224.102.122","is_blacklisted":false,"is_broadcast":false,"is_dhcp":false,"name":"oasjs.kataweb.it","port":443},"thpt":{"bps":0,"pps":0},"vlan":0},{"breakdown":{"cli2srv":5,"srv2cli":95},"bytes":125927,"client":{"ip":"192.168.1.93","is_blacklisted":false,"is_broadcast_domain":false,"is_dhcp":false,"name":"Luca’s iMac","port":61562},"duration":2,"first_seen":1589741864,"hash_id":"12","key":"488910512","last_seen":1589741866,"protocol":{"l4":"TCP","l7":"TLS"},"score":"0","server":{"ip":"92.122.247.92","is_blacklisted":false,"is_broadcast":false,"is_dhcp":false,"name":"www.repubblica.it","port":443},"thpt":{"bps":0,"pps":0},"vlan":0},{"breakdown":{"cli2srv":16,"srv2cli":84},"bytes":125046,"client":{"ip":"192.168.1.93","is_blacklisted":false,"is_broadcast_domain":false,"is_dhcp":false,"name":"Luca’s iMac","port":61571},"duration":4,"first_seen":1589741865,"hash_id":"30","key":"3465127602","last_seen":1589741869,"protocol":{"l4":"TCP","l7":"TLS"},"score":"0","server":{"ip":"13.224.102.94","is_blacklisted":false,"is_broadcast":false,"is_dhcp":false,"name":"www.repstatic.it","port":443},"thpt":{"bps":0.00023590325145051,"pps":1.1724814186209e-07},"vlan":0},{"breakdown":{"cli2srv":4,"srv2cli":96},"bytes":111971,"client":{"ip":"192.168.1.93","is_blacklisted":false,"is_broadcast_domain":false,"is_dhcp":false,"name":"Luca’s iMac","port":61579},"duration":0,"first_seen":1589741865,"hash_id":"39","key":"689156813","last_seen":1589741865,"protocol":{"l4":"TCP","l7":"TLS"},"score":"0","server":{"ip":"104.106.106.121","is_blacklisted":false,"is_broadcast":false,"is_dhcp":false,"name":"cdns.gigya.com","port":443},"thpt":{"bps":0,"pps":0},"vlan":0},{"breakdown":{"cli2srv":4,"srv2cli":96},"bytes":105358,"client":{"ip":"192.168.1.93","is_blacklisted":false,"is_broadcast_domain":false,"is_dhcp":false,"name":"Luca’s iMac","port":61634},"duration":1,"first_seen":1589741866,"hash_id":"120","key":"2565099518","last_seen":1589741867,"protocol":{"l4":"TCP","l7":"TLS.GoogleServices"},"score":"0","server":{"ip":"216.58.208.170","is_blacklisted":false,"is_broadcast":false,"is_dhcp":false,"name":"imasdk.googleapis.com","port":443},"thpt":{"bps":0,"pps":0},"vlan":0},{"breakdown":{"cli2srv":16,"srv2cli":84},"bytes":25520,"client":{"ip":"192.168.1.93","is_blacklisted":false,"is_broadcast_domain":false,"is_dhcp":false,"name":"Luca’s iMac","port":61606},"duration":1,"first_seen":1589741865,"hash_id":"77","key":"3465136597","last_seen":1589741866,"protocol":{"l4":"TCP","l7":"TLS"},"score":"0","server":{"ip":"13.224.102.129","is_blacklisted":false,"is_broadcast":false,"is_dhcp":false,"name":"video.repubblica.it","port":443},"thpt":{"bps":0,"pps":0},"vlan":0},{"breakdown":{"cli2srv":14,"srv2cli":86},"bytes":13824,"client":{"ip":"192.168.1.93","is_blacklisted":false,"is_broadcast_domain":false,"is_dhcp":false,"name":"Luca’s iMac","port":61661},"duration":0,"first_seen":1589741867,"hash_id":"143","key":"3465150642","last_seen":1589741867,"protocol":{"l4":"TCP","l7":"TLS"},"score":"0","server":{"ip":"13.224.102.94","is_blacklisted":false,"is_broadcast":false,"is_dhcp":false,"name":"www.repstatic.it","port":443},"thpt":{"bps":0,"pps":0},"vlan":0},{"breakdown":{"cli2srv":61,"srv2cli":39},"bytes":11562,"client":{"ip":"192.168.1.93","is_blacklisted":false,"is_broadcast_domain":false,"is_dhcp":false,"name":"Luca’s iMac","port":61687},"duration":0,"first_seen":1589741868,"hash_id":"170","key":"3753314936","last_seen":1589741868,"protocol":{"l4":"TCP","l7":"TLS.Facebook"},"score":"0","server":{"ip":"31.13.86.36","is_blacklisted":false,"is_broadcast":false,"is_dhcp":false,"name":"www.facebook.com","port":443},"thpt":{"bps":0,"pps":0},"vlan":0}],"perPage":10,"sort":[["column_","desc"]],"totalRows":179}}
