{"rc":0,"rc_str":"OK","rc_str_hr":"Success","rsp":{"addresses":[]}}
