{"rc":0,"rc_str":"OK","rc_str_hr":"Success","rsp":[{"count":133,"id":6},{"count":46,"id":17}]}
