{"rc":0,"rc_str":"OK","rc_str_hr":"Success","rsp":{"192.168.1.93":[{"ifid":0}]}}
